D:\MP_GCS\MP_GCS_APP\ExtLibs\Comms\System.IO.Ports\SerialErrorEventArgs.cs(15,10): warning CS0436: The type 'SerialError' in 'D:\MP_GCS\MP_GCS_APP\ExtLibs\Comms\System.IO.Ports\SerialError.cs' conflicts with the imported type 'SerialError' in 'System.IO.Ports, Version=4.0.1.0, Culture=neutral, PublicKeyToken=cc7b13ffcd2ddd51'. Using the type defined in 'D:\MP_GCS\MP_GCS_APP\ExtLibs\Comms\System.IO.Ports\SerialError.cs'. [D:\MP_GCS\MP_GCS_APP\MissionPlannerLib.csproj::TargetFramework=netstandard2.0]
D:\MP_GCS\MP_GCS_APP\ExtLibs\Comms\System.IO.Ports\SerialErrorEventArgs.cs(8,42): warning CS0436: The type 'SerialError' in 'D:\MP_GCS\MP_GCS_APP\ExtLibs\Comms\System.IO.Ports\SerialError.cs' conflicts with the imported type 'SerialError' in 'System.IO.Ports, Version=4.0.1.0, Culture=neutral, PublicKeyToken=cc7b13ffcd2ddd51'. Using the type defined in 'D:\MP_GCS\MP_GCS_APP\ExtLibs\Comms\System.IO.Ports\SerialError.cs'. [D:\MP_GCS\MP_GCS_APP\MissionPlannerLib.csproj::TargetFramework=netstandard2.0]
D:\MP_GCS\MP_GCS_APP\ExtLibs\Comms\System.IO.Ports\SerialErrorEventArgs.cs(21,3): warning CS0436: The type 'SerialError' in 'D:\MP_GCS\MP_GCS_APP\ExtLibs\Comms\System.IO.Ports\SerialError.cs' conflicts with the imported type 'SerialError' in 'System.IO.Ports, Version=4.0.1.0, Culture=neutral, PublicKeyToken=cc7b13ffcd2ddd51'. Using the type defined in 'D:\MP_GCS\MP_GCS_APP\ExtLibs\Comms\System.IO.Ports\SerialError.cs'. [D:\MP_GCS\MP_GCS_APP\MissionPlannerLib.csproj::TargetFramework=netstandard2.0]
D:\MP_GCS\MP_GCS_APP\ExtLibs\Comms\System.IO.Ports\SerialPort.cs(825,16): warning CS0436: The type 'SerialErrorReceivedEventHandler' in 'D:\MP_GCS\MP_GCS_APP\ExtLibs\Comms\System.IO.Ports\SerialPort.cs' conflicts with the imported type 'SerialErrorReceivedEventHandler' in 'System.IO.Ports, Version=4.0.1.0, Culture=neutral, PublicKeyToken=cc7b13ffcd2ddd51'. Using the type defined in 'D:\MP_GCS\MP_GCS_APP\ExtLibs\Comms\System.IO.Ports\SerialPort.cs'. [D:\MP_GCS\MP_GCS_APP\MissionPlannerLib.csproj::TargetFramework=netstandard2.0]
D:\MP_GCS\MP_GCS_APP\ExtLibs\Comms\System.IO.Ports\SerialPort.cs(796,34): warning CS0436: The type 'SerialErrorReceivedEventArgs' in 'D:\MP_GCS\MP_GCS_APP\ExtLibs\Comms\System.IO.Ports\SerialErrorEventArgs.cs' conflicts with the imported type 'SerialErrorReceivedEventArgs' in 'System.IO.Ports, Version=4.0.1.0, Culture=neutral, PublicKeyToken=cc7b13ffcd2ddd51'. Using the type defined in 'D:\MP_GCS\MP_GCS_APP\ExtLibs\Comms\System.IO.Ports\SerialErrorEventArgs.cs'. [D:\MP_GCS\MP_GCS_APP\MissionPlannerLib.csproj::TargetFramework=netstandard2.0]
D:\MP_GCS\MP_GCS_APP\ExtLibs\Comms\System.IO.Ports\SerialPort.cs(845,71): warning CS0436: The type 'SerialErrorReceivedEventArgs' in 'D:\MP_GCS\MP_GCS_APP\ExtLibs\Comms\System.IO.Ports\SerialErrorEventArgs.cs' conflicts with the imported type 'SerialErrorReceivedEventArgs' in 'System.IO.Ports, Version=4.0.1.0, Culture=neutral, PublicKeyToken=cc7b13ffcd2ddd51'. Using the type defined in 'D:\MP_GCS\MP_GCS_APP\ExtLibs\Comms\System.IO.Ports\SerialErrorEventArgs.cs'. [D:\MP_GCS\MP_GCS_APP\MissionPlannerLib.csproj::TargetFramework=netstandard2.0]
D:\MP_GCS\MP_GCS_APP\ExtLibs\Comms\System.IO.Ports\SerialPort.cs(798,4): warning CS0436: The type 'SerialErrorReceivedEventHandler' in 'D:\MP_GCS\MP_GCS_APP\ExtLibs\Comms\System.IO.Ports\SerialPort.cs' conflicts with the imported type 'SerialErrorReceivedEventHandler' in 'System.IO.Ports, Version=4.0.1.0, Culture=neutral, PublicKeyToken=cc7b13ffcd2ddd51'. Using the type defined in 'D:\MP_GCS\MP_GCS_APP\ExtLibs\Comms\System.IO.Ports\SerialPort.cs'. [D:\MP_GCS\MP_GCS_APP\MissionPlannerLib.csproj::TargetFramework=netstandard2.0]
D:\MP_GCS\MP_GCS_APP\ExtLibs\Comms\System.IO.Ports\SerialPort.cs(799,6): warning CS0436: The type 'SerialErrorReceivedEventHandler' in 'D:\MP_GCS\MP_GCS_APP\ExtLibs\Comms\System.IO.Ports\SerialPort.cs' conflicts with the imported type 'SerialErrorReceivedEventHandler' in 'System.IO.Ports, Version=4.0.1.0, Culture=neutral, PublicKeyToken=cc7b13ffcd2ddd51'. Using the type defined in 'D:\MP_GCS\MP_GCS_APP\ExtLibs\Comms\System.IO.Ports\SerialPort.cs'. [D:\MP_GCS\MP_GCS_APP\MissionPlannerLib.csproj::TargetFramework=netstandard2.0]
D:\MP_GCS\MP_GCS_APP\ExtLibs\Comms\System.IO.Ports\WinSerialStream.cs(385,22): warning PC003: kernel32!ClearCommError isn't available in UWP (https://github.com/dotnet/platform-compat/blob/master/docs/PC003.md) [D:\MP_GCS\MP_GCS_APP\MissionPlannerLib.csproj::TargetFramework=netstandard2.0]
D:\MP_GCS\MP_GCS_APP\ExtLibs\Comms\System.IO.Ports\SerialPortStream.cs(310,24): warning PC003: libc!strerror isn't available in UWP (https://github.com/dotnet/platform-compat/blob/master/docs/PC003.md) [D:\MP_GCS\MP_GCS_APP\MissionPlannerLib.csproj::TargetFramework=netstandard2.0]
D:\MP_GCS\MP_GCS_APP\ExtLibs\DirectShowLib\DsUtils.cs(1110,34): warning PC003: quartz.dll!AMGetErrorTextW isn't available in UWP (https://github.com/dotnet/platform-compat/blob/master/docs/PC003.md) [D:\MP_GCS\MP_GCS_APP\MissionPlannerLib.csproj::TargetFramework=netstandard2.0]
D:\MP_GCS\MP_GCS_APP\Utilities\NativeLibrary.cs(24,44): warning PC003: libdl.so!dlerror isn't available in UWP (https://github.com/dotnet/platform-compat/blob/master/docs/PC003.md) [D:\MP_GCS\MP_GCS_APP\MissionPlannerLib.csproj::TargetFramework=netstandard2.0]
D:\MP_GCS\MP_GCS_APP\ExtLibs\Comms\System.IO.Ports\SerialErrorEventArgs.cs(15,10): warning CS0436: The type 'SerialError' in 'D:\MP_GCS\MP_GCS_APP\ExtLibs\Comms\System.IO.Ports\SerialError.cs' conflicts with the imported type 'SerialError' in 'System.IO.Ports, Version=4.0.1.0, Culture=neutral, PublicKeyToken=cc7b13ffcd2ddd51'. Using the type defined in 'D:\MP_GCS\MP_GCS_APP\ExtLibs\Comms\System.IO.Ports\SerialError.cs'. [D:\MP_GCS\MP_GCS_APP\MissionPlannerLib.csproj::TargetFramework=netstandard2.0]
D:\MP_GCS\MP_GCS_APP\ExtLibs\Comms\System.IO.Ports\SerialErrorEventArgs.cs(8,42): warning CS0436: The type 'SerialError' in 'D:\MP_GCS\MP_GCS_APP\ExtLibs\Comms\System.IO.Ports\SerialError.cs' conflicts with the imported type 'SerialError' in 'System.IO.Ports, Version=4.0.1.0, Culture=neutral, PublicKeyToken=cc7b13ffcd2ddd51'. Using the type defined in 'D:\MP_GCS\MP_GCS_APP\ExtLibs\Comms\System.IO.Ports\SerialError.cs'. [D:\MP_GCS\MP_GCS_APP\MissionPlannerLib.csproj::TargetFramework=netstandard2.0]
D:\MP_GCS\MP_GCS_APP\ExtLibs\Comms\System.IO.Ports\SerialErrorEventArgs.cs(21,3): warning CS0436: The type 'SerialError' in 'D:\MP_GCS\MP_GCS_APP\ExtLibs\Comms\System.IO.Ports\SerialError.cs' conflicts with the imported type 'SerialError' in 'System.IO.Ports, Version=4.0.1.0, Culture=neutral, PublicKeyToken=cc7b13ffcd2ddd51'. Using the type defined in 'D:\MP_GCS\MP_GCS_APP\ExtLibs\Comms\System.IO.Ports\SerialError.cs'. [D:\MP_GCS\MP_GCS_APP\MissionPlannerLib.csproj::TargetFramework=netstandard2.0]
D:\MP_GCS\MP_GCS_APP\ExtLibs\Comms\System.IO.Ports\SerialPort.cs(825,16): warning CS0436: The type 'SerialErrorReceivedEventHandler' in 'D:\MP_GCS\MP_GCS_APP\ExtLibs\Comms\System.IO.Ports\SerialPort.cs' conflicts with the imported type 'SerialErrorReceivedEventHandler' in 'System.IO.Ports, Version=4.0.1.0, Culture=neutral, PublicKeyToken=cc7b13ffcd2ddd51'. Using the type defined in 'D:\MP_GCS\MP_GCS_APP\ExtLibs\Comms\System.IO.Ports\SerialPort.cs'. [D:\MP_GCS\MP_GCS_APP\MissionPlannerLib.csproj::TargetFramework=netstandard2.0]
D:\MP_GCS\MP_GCS_APP\ExtLibs\Comms\System.IO.Ports\SerialPort.cs(796,34): warning CS0436: The type 'SerialErrorReceivedEventArgs' in 'D:\MP_GCS\MP_GCS_APP\ExtLibs\Comms\System.IO.Ports\SerialErrorEventArgs.cs' conflicts with the imported type 'SerialErrorReceivedEventArgs' in 'System.IO.Ports, Version=4.0.1.0, Culture=neutral, PublicKeyToken=cc7b13ffcd2ddd51'. Using the type defined in 'D:\MP_GCS\MP_GCS_APP\ExtLibs\Comms\System.IO.Ports\SerialErrorEventArgs.cs'. [D:\MP_GCS\MP_GCS_APP\MissionPlannerLib.csproj::TargetFramework=netstandard2.0]
D:\MP_GCS\MP_GCS_APP\ExtLibs\Comms\System.IO.Ports\SerialPort.cs(845,71): warning CS0436: The type 'SerialErrorReceivedEventArgs' in 'D:\MP_GCS\MP_GCS_APP\ExtLibs\Comms\System.IO.Ports\SerialErrorEventArgs.cs' conflicts with the imported type 'SerialErrorReceivedEventArgs' in 'System.IO.Ports, Version=4.0.1.0, Culture=neutral, PublicKeyToken=cc7b13ffcd2ddd51'. Using the type defined in 'D:\MP_GCS\MP_GCS_APP\ExtLibs\Comms\System.IO.Ports\SerialErrorEventArgs.cs'. [D:\MP_GCS\MP_GCS_APP\MissionPlannerLib.csproj::TargetFramework=netstandard2.0]
D:\MP_GCS\MP_GCS_APP\ExtLibs\Comms\System.IO.Ports\SerialPort.cs(798,4): warning CS0436: The type 'SerialErrorReceivedEventHandler' in 'D:\MP_GCS\MP_GCS_APP\ExtLibs\Comms\System.IO.Ports\SerialPort.cs' conflicts with the imported type 'SerialErrorReceivedEventHandler' in 'System.IO.Ports, Version=4.0.1.0, Culture=neutral, PublicKeyToken=cc7b13ffcd2ddd51'. Using the type defined in 'D:\MP_GCS\MP_GCS_APP\ExtLibs\Comms\System.IO.Ports\SerialPort.cs'. [D:\MP_GCS\MP_GCS_APP\MissionPlannerLib.csproj::TargetFramework=netstandard2.0]
D:\MP_GCS\MP_GCS_APP\ExtLibs\Comms\System.IO.Ports\SerialPort.cs(799,6): warning CS0436: The type 'SerialErrorReceivedEventHandler' in 'D:\MP_GCS\MP_GCS_APP\ExtLibs\Comms\System.IO.Ports\SerialPort.cs' conflicts with the imported type 'SerialErrorReceivedEventHandler' in 'System.IO.Ports, Version=4.0.1.0, Culture=neutral, PublicKeyToken=cc7b13ffcd2ddd51'. Using the type defined in 'D:\MP_GCS\MP_GCS_APP\ExtLibs\Comms\System.IO.Ports\SerialPort.cs'. [D:\MP_GCS\MP_GCS_APP\MissionPlannerLib.csproj::TargetFramework=netstandard2.0]
D:\MP_GCS\MP_GCS_APP\ExtLibs\Comms\System.IO.Ports\WinSerialStream.cs(385,22): warning PC003: kernel32!ClearCommError isn't available in UWP (https://github.com/dotnet/platform-compat/blob/master/docs/PC003.md) [D:\MP_GCS\MP_GCS_APP\MissionPlannerLib.csproj::TargetFramework=netstandard2.0]
D:\MP_GCS\MP_GCS_APP\ExtLibs\Comms\System.IO.Ports\SerialPortStream.cs(310,24): warning PC003: libc!strerror isn't available in UWP (https://github.com/dotnet/platform-compat/blob/master/docs/PC003.md) [D:\MP_GCS\MP_GCS_APP\MissionPlannerLib.csproj::TargetFramework=netstandard2.0]
D:\MP_GCS\MP_GCS_APP\ExtLibs\DirectShowLib\DsUtils.cs(1110,34): warning PC003: quartz.dll!AMGetErrorTextW isn't available in UWP (https://github.com/dotnet/platform-compat/blob/master/docs/PC003.md) [D:\MP_GCS\MP_GCS_APP\MissionPlannerLib.csproj::TargetFramework=netstandard2.0]
D:\MP_GCS\MP_GCS_APP\Utilities\NativeLibrary.cs(24,44): warning PC003: libdl.so!dlerror isn't available in UWP (https://github.com/dotnet/platform-compat/blob/master/docs/PC003.md) [D:\MP_GCS\MP_GCS_APP\MissionPlannerLib.csproj::TargetFramework=netstandard2.0]
    0 Error(s)
